22:45:53 **** Incremental Build of configuration Debug for project TP1 ****
make -j12 all 
arm-none-eabi-gcc "../Core/Src/main.c" -mcpu=cortex-m4 -std=gnu11 -g3 -DDEBUG -DUSE_HAL_DRIVER -DSTM32L476xx -c -I../Core/Inc -I../Drivers/STM32L4xx_HAL_Driver/Inc -I../Drivers/STM32L4xx_HAL_Driver/Inc/Legacy -I../Drivers/CMSIS/Device/ST/STM32L4xx/Include -I../Drivers/CMSIS/Include -O0 -ffunction-sections -fdata-sections -Wall -fstack-usage -fcyclomatic-complexity -MMD -MP -MF"Core/Src/main.d" -MT"Core/Src/main.o" --specs=nano.specs -mfpu=fpv4-sp-d16 -mfloat-abi=hard -mthumb -o "Core/Src/main.o"
arm-none-eabi-gcc "../Core/Src/utils.c" -mcpu=cortex-m4 -std=gnu11 -g3 -DDEBUG -DUSE_HAL_DRIVER -DSTM32L476xx -c -I../Core/Inc -I../Drivers/STM32L4xx_HAL_Driver/Inc -I../Drivers/STM32L4xx_HAL_Driver/Inc/Legacy -I../Drivers/CMSIS/Device/ST/STM32L4xx/Include -I../Drivers/CMSIS/Include -O0 -ffunction-sections -fdata-sections -Wall -fstack-usage -fcyclomatic-complexity -MMD -MP -MF"Core/Src/utils.d" -MT"Core/Src/utils.o" --specs=nano.specs -mfpu=fpv4-sp-d16 -mfloat-abi=hard -mthumb -o "Core/Src/utils.o"
../Core/Src/utils.c: In function 'loop':
../Core/Src/utils.c:160:34: warning: format '%s' expects argument of type 'char *', but argument 2 has type 'int' [-Wformat=]
  160 |         printf("Just received : %s \r\n",size);
      |                                 ~^       ~~~~
      |                                  |       |
      |                                  char *  int
      |                                 %d
../Core/Src/utils.c: At top level:
../Core/Src/utils.c:137:13: warning: 'buffer' defined but not used [-Wunused-variable]
  137 | static char buffer[BUFFER_MAX_SIZE]={0};
      |             ^~~~~~
arm-none-eabi-gcc -o "TP1.elf" @"objects.list"   -mcpu=cortex-m4 -T"C:\Users\redwo\Documents\travail\ENSEA\ENSEA_TP\TP_1A\système microcontroleur\code\TP1\STM32L476RGTX_FLASH.ld" --specs=nosys.specs -Wl,-Map="TP1.map" -Wl,--gc-sections -static --specs=nano.specs -mfpu=fpv4-sp-d16 -mfloat-abi=hard -mthumb -Wl,--start-group -lc -lm -Wl,--end-group
Finished building target: TP1.elf
 
arm-none-eabi-size  TP1.elf 
arm-none-eabi-objdump -h -S TP1.elf  > "TP1.list"
   text	   data	    bss	    dec	    hex	filename
  40524	    112	   3800	  44436	   ad94	TP1.elf
Finished building: default.size.stdout
 
Finished building: TP1.list
 

22:45:55 Build Finished. 0 errors, 2 warnings. (took 1s.354ms)

